// Jest Snapshot v1, https://goo.gl/fbAQLP

exports[`Payment component Default state 1`] = `
<form
  className="payment"
  name="payment"
>
  <h2
    className="order-info__title"
  >
    Payment
  </h2>
  <p
    className="payment__security-disclaimer"
  >
    <img
      alt=""
      className="payment__security-disclaimer-icon"
      src={null}
    />
    This is a secure 128-bit SSL encrypted payment
  </p>
  <h3
    className="order-info__label"
  >
    Cardholder Name
  </h3>
  <OrderInput
    areErrorsVisible={false}
    autofocus={true}
    errors={Object {}}
    handleInput={[Function]}
    inputMode="text"
    maxLength={null}
    name="cardholder"
    placeholder="Name as it appears on your card"
    type="text"
    value="John Dow"
  />
  <h3
    className="order-info__label"
  >
    Card Number
  </h3>
  <OrderInput
    areErrorsVisible={false}
    autofocus={false}
    errors={Object {}}
    handleInput={[Function]}
    inputMode="numeric"
    maxLength={null}
    name="cardNumber"
    placeholder="XXXX XXXX XXXX XXXX"
    type="text"
    value="4200 1234 5678"
  >
    <img
      alt=""
      className="payment__card-logo"
      src={null}
    />
  </OrderInput>
  <div
    className="order-info__row"
  >
    <div>
      <h3
        className="order-info__label"
      >
        Expire Date
      </h3>
      <OrderInput
        areErrorsVisible={false}
        autofocus={false}
        errors={Object {}}
        handleInput={[Function]}
        inputMode="numeric"
        maxLength={null}
        name="expireDate"
        placeholder="MM / YY"
        type="text"
        value="12 / 21"
      />
    </div>
    <div>
      <h3
        className="order-info__label"
      >
        Security Code
      </h3>
      <OrderInput
        areErrorsVisible={false}
        autofocus={false}
        errors={Object {}}
        handleInput={[Function]}
        inputMode="numeric"
        maxLength={3}
        name="securityCode"
        placeholder=""
        type="password"
        value="432"
      />
    </div>
  </div>
  <div
    className="order-info__continue"
    onClick={[Function]}
  >
    Pay Securely
  </div>
</form>
`;
